2026-08-27 18:04:12,647 [scan] 开始 243 个交易日回填
2026-08-27 18:04:17,558 横盘扫描 2025-08-27 加载 227175 行
2026-08-27 18:04:17,608 大盘: ok=False score=7 上涨占比=11.7%
2026-08-27 18:04:25,900 板块: 424 个有效，5336 只有归属
2026-08-27 18:04:27,081 箱体命中 0 只，信号 {'A': 0, 'B': 0, 'C': 0, 'D': 0}，可交易 0
2026-08-27 18:04:27,081 名称获取 0/0
2026-08-27 18:04:27,197 [scan   1/243] 2025-08-27 boxed=0 sig={'A': 0, 'B': 0, 'C': 0, 'D': 0} tradable=0 (14s)
2026-08-27 18:04:32,537 横盘扫描 2025-08-28 加载 232592 行
2026-08-27 18:04:32,588 大盘: ok=True score=10 上涨占比=52.9%
2026-08-27 18:04:39,203 板块: 424 个有效，5336 只有归属
2026-08-27 18:04:39,604 箱体命中 0 只，信号 {'A': 0, 'B': 0, 'C': 0, 'D': 0}，可交易 0
2026-08-27 18:04:39,604 名称获取 0/0
2026-08-27 18:04:39,638 [scan   2/243] 2025-08-28 boxed=0 sig={'A': 0, 'B': 0, 'C': 0, 'D': 0} tradable=0 (26s)
2026-08-27 18:04:44,371 横盘扫描 2025-08-29 加载 238006 行
2026-08-27 18:04:44,460 大盘: ok=False score=7 上涨占比=36.9%
2026-08-27 18:04:49,045 板块: 424 个有效，5336 只有归属
2026-08-27 18:04:49,340 箱体命中 0 只，信号 {'A': 0, 'B': 0, 'C': 0, 'D': 0}，可交易 0
2026-08-27 18:04:49,340 名称获取 0/0
2026-08-27 18:04:49,377 [scan   3/243] 2025-08-29 boxed=0 sig={'A': 0, 'B': 0, 'C': 0, 'D': 0} tradable=0 (36s)
2026-08-27 18:04:55,451 横盘扫描 2025-09-01 加载 243420 行
2026-08-27 18:04:55,519 大盘: ok=True score=10 上涨占比=59.3%
2026-08-27 18:05:02,143 板块: 424 个有效，5336 只有归属
2026-08-27 18:05:02,572 箱体命中 0 只，信号 {'A': 0, 'B': 0, 'C': 0, 'D': 0}，可交易 0
2026-08-27 18:05:02,573 名称获取 0/0
2026-08-27 18:05:02,609 [scan   4/243] 2025-09-01 boxed=0 sig={'A': 0, 'B': 0, 'C': 0, 'D': 0} tradable=0 (49s)
2026-08-27 18:05:09,527 横盘扫描 2025-09-02 加载 248835 行
2026-08-27 18:05:09,680 大盘: ok=False score=7 上涨占比=23.3%
2026-08-27 18:05:16,718 板块: 424 个有效，5336 只有归属
2026-08-27 18:05:17,018 箱体命中 0 只，信号 {'A': 0, 'B': 0, 'C': 0, 'D': 0}，可交易 0
2026-08-27 18:05:17,018 名称获取 0/0
2026-08-27 18:05:17,053 [scan   5/243] 2025-09-02 boxed=0 sig={'A': 0, 'B': 0, 'C': 0, 'D': 0} tradable=0 (64s)
2026-08-27 18:05:21,300 横盘扫描 2025-09-03 加载 254252 行
2026-08-27 18:05:21,347 大盘: ok=False score=7 上涨占比=15.2%
2026-08-27 18:05:24,228 板块: 424 个有效，5336 只有归属
2026-08-27 18:05:24,449 箱体命中 0 只，信号 {'A': 0, 'B': 0, 'C': 0, 'D': 0}，可交易 0
2026-08-27 18:05:24,449 名称获取 0/0
2026-08-27 18:05:24,470 [scan   6/243] 2025-09-03 boxed=0 sig={'A': 0, 'B': 0, 'C': 0, 'D': 0} tradable=0 (71s)
2026-08-27 18:05:27,910 横盘扫描 2025-09-04 加载 259668 行
2026-08-27 18:05:27,949 大盘: ok=False score=6 上涨占比=42.4%
2026-08-27 18:05:31,217 板块: 424 个有效，5336 只有归属
2026-08-27 18:05:31,462 箱体命中 0 只，信号 {'A': 0, 'B': 0, 'C': 0, 'D': 0}，可交易 0
2026-08-27 18:05:31,463 名称获取 0/0
2026-08-27 18:05:31,486 [scan   7/243] 2025-09-04 boxed=0 sig={'A': 0, 'B': 0, 'C': 0, 'D': 0} tradable=0 (78s)
2026-08-27 18:05:34,606 横盘扫描 2025-09-05 加载 265085 行
2026-08-27 18:05:34,642 大盘: ok=True score=10 上涨占比=89.7%
2026-08-27 18:05:37,207 板块: 424 个有效，5336 只有归属
2026-08-27 18:05:37,418 箱体命中 0 只，信号 {'A': 0, 'B': 0, 'C': 0, 'D': 0}，可交易 0
2026-08-27 18:05:37,418 名称获取 0/0
2026-08-27 18:05:37,441 [scan   8/243] 2025-09-05 boxed=0 sig={'A': 0, 'B': 0, 'C': 0, 'D': 0} tradable=0 (84s)
2026-08-27 18:05:40,433 横盘扫描 2025-09-08 加载 270504 行
2026-08-27 18:05:40,463 大盘: ok=True score=10 上涨占比=73.0%
2026-08-27 18:05:43,136 板块: 424 个有效，5336 只有归属
2026-08-27 18:05:43,374 箱体命中 0 只，信号 {'A': 0, 'B': 0, 'C': 0, 'D': 0}，可交易 0
2026-08-27 18:05:43,374 名称获取 0/0
2026-08-27 18:05:43,398 [scan   9/243] 2025-09-08 boxed=0 sig={'A': 0, 'B': 0, 'C': 0, 'D': 0} tradable=0 (90s)
2026-08-27 18:05:46,572 横盘扫描 2025-09-09 加载 275924 行
2026-08-27 18:05:46,606 大盘: ok=False score=7 上涨占比=24.0%
2026-08-27 18:05:49,224 板块: 424 个有效，5336 只有归属
2026-08-27 18:05:49,435 箱体命中 0 只，信号 {'A': 0, 'B': 0, 'C': 0, 'D': 0}，可交易 0
2026-08-27 18:05:49,435 名称获取 0/0
2026-08-27 18:05:49,456 [scan  10/243] 2025-09-09 boxed=0 sig={'A': 0, 'B': 0, 'C': 0, 'D': 0} tradable=0 (96s)
2026-08-27 18:05:53,292 横盘扫描 2025-09-10 加载 281346 行
2026-08-27 18:05:53,331 大盘: ok=True score=10 上涨占比=45.0%
2026-08-27 18:05:56,035 板块: 424 个有效，5336 只有归属
2026-08-27 18:05:56,450 箱体命中 0 只，信号 {'A': 0, 'B': 0, 'C': 0, 'D': 0}，可交易 0
2026-08-27 18:05:56,450 名称获取 0/0
2026-08-27 18:05:56,478 [scan  11/243] 2025-09-10 boxed=0 sig={'A': 0, 'B': 0, 'C': 0, 'D': 0} tradable=0 (103s)
2026-08-27 18:06:00,629 横盘扫描 2025-09-11 加载 286767 行
2026-08-27 18:06:00,665 大盘: ok=True score=10 上涨占比=77.9%
2026-08-27 18:06:04,069 板块: 424 个有效，5336 只有归属
2026-08-27 18:06:04,274 箱体命中 0 只，信号 {'A': 0, 'B': 0, 'C': 0, 'D': 0}，可交易 0
2026-08-27 18:06:04,274 名称获取 0/0
2026-08-27 18:06:04,301 [scan  12/243] 2025-09-11 boxed=0 sig={'A': 0, 'B': 0, 'C': 0, 'D': 0} tradable=0 (111s)
2026-08-27 18:06:08,162 横盘扫描 2025-09-12 加载 292191 行
2026-08-27 18:06:08,196 大盘: ok=False score=7 上涨占比=35.5%
2026-08-27 18:06:11,590 板块: 424 个有效，5336 只有归属
2026-08-27 18:06:11,905 箱体命中 0 只，信号 {'A': 0, 'B': 0, 'C': 0, 'D': 0}，可交易 0
2026-08-27 18:06:11,905 名称获取 0/0
2026-08-27 18:06:11,933 [scan  13/243] 2025-09-12 boxed=0 sig={'A': 0, 'B': 0, 'C': 0, 'D': 0} tradable=0 (119s)
2026-08-27 18:06:15,170 横盘扫描 2025-09-15 加载 297613 行
2026-08-27 18:06:15,213 大盘: ok=False score=7 上涨占比=35.3%
2026-08-27 18:06:18,037 板块: 424 个有效，5336 只有归属
2026-08-27 18:06:18,237 箱体命中 0 只，信号 {'A': 0, 'B': 0, 'C': 0, 'D': 0}，可交易 0
2026-08-27 18:06:18,237 名称获取 0/0
2026-08-27 18:06:18,264 [scan  14/243] 2025-09-15 boxed=0 sig={'A': 0, 'B': 0, 'C': 0, 'D': 0} tradable=0 (125s)
2026-08-27 18:06:23,586 横盘扫描 2025-09-16 加载 303035 行
2026-08-27 18:06:23,622 大盘: ok=True score=10 上涨占比=66.9%
2026-08-27 18:06:26,429 板块: 424 个有效，5336 只有归属
2026-08-27 18:06:26,717 箱体命中 0 只，信号 {'A': 0, 'B': 0, 'C': 0, 'D': 0}，可交易 0
2026-08-27 18:06:26,718 名称获取 0/0
2026-08-27 18:06:26,745 [scan  15/243] 2025-09-16 boxed=0 sig={'A': 0, 'B': 0, 'C': 0, 'D': 0} tradable=0 (134s)
2026-08-27 18:06:30,994 横盘扫描 2025-09-17 加载 308456 行
2026-08-27 18:06:31,032 大盘: ok=True score=10 上涨占比=46.2%
2026-08-27 18:06:33,822 板块: 424 个有效，5336 只有归属
2026-08-27 18:06:34,363 箱体命中 0 只，信号 {'A': 0, 'B': 0, 'C': 0, 'D': 0}，可交易 0
2026-08-27 18:06:34,364 名称获取 0/0
2026-08-27 18:06:34,406 [scan  16/243] 2025-09-17 boxed=0 sig={'A': 0, 'B': 0, 'C': 0, 'D': 0} tradable=0 (141s)
2026-08-27 18:06:38,762 横盘扫描 2025-09-18 加载 313876 行
2026-08-27 18:06:38,801 大盘: ok=False score=7 上涨占比=18.9%
2026-08-27 18:06:43,855 板块: 424 个有效，5336 只有归属
2026-08-27 18:06:44,498 箱体命中 0 只，信号 {'A': 0, 'B': 0, 'C': 0, 'D': 0}，可交易 0
2026-08-27 18:06:44,498 名称获取 0/0
2026-08-27 18:06:44,549 [scan  17/243] 2025-09-18 boxed=0 sig={'A': 0, 'B': 0, 'C': 0, 'D': 0} tradable=0 (151s)
2026-08-27 18:06:52,514 横盘扫描 2025-09-19 加载 319298 行
2026-08-27 18:06:52,614 大盘: ok=False score=7 上涨占比=35.2%
2026-08-27 18:07:00,079 板块: 424 个有效，5336 只有归属
2026-08-27 18:07:00,731 箱体命中 0 只，信号 {'A': 0, 'B': 0, 'C': 0, 'D': 0}，可交易 0
2026-08-27 18:07:00,731 名称获取 0/0
2026-08-27 18:07:00,816 [scan  18/243] 2025-09-19 boxed=0 sig={'A': 0, 'B': 0, 'C': 0, 'D': 0} tradable=0 (168s)
2026-08-27 18:07:08,490 横盘扫描 2025-09-22 加载 324716 行
2026-08-27 18:07:08,659 大盘: ok=True score=10 上涨占比=40.1%
2026-08-27 18:07:18,124 板块: 424 个有效，5336 只有归属
2026-08-27 18:07:18,507 箱体命中 0 只，信号 {'A': 0, 'B': 0, 'C': 0, 'D': 0}，可交易 0
2026-08-27 18:07:18,507 名称获取 0/0
2026-08-27 18:07:18,552 [scan  19/243] 2025-09-22 boxed=0 sig={'A': 0, 'B': 0, 'C': 0, 'D': 0} tradable=0 (185s)
2026-08-27 18:07:27,809 横盘扫描 2025-09-23 加载 330140 行
2026-08-27 18:07:27,975 大盘: ok=False score=7 上涨占比=20.4%
2026-08-27 18:07:45,277 板块: 424 个有效，5336 只有归属
2026-08-27 18:07:45,803 箱体命中 0 只，信号 {'A': 0, 'B': 0, 'C': 0, 'D': 0}，可交易 0
2026-08-27 18:07:45,804 名称获取 0/0
2026-08-27 18:07:45,846 [scan  20/243] 2025-09-23 boxed=0 sig={'A': 0, 'B': 0, 'C': 0, 'D': 0} tradable=0 (213s)
2026-08-27 18:07:52,137 横盘扫描 2025-09-24 加载 335562 行
2026-08-27 18:07:52,208 大盘: ok=True score=10 上涨占比=82.2%
2026-08-27 18:07:57,644 板块: 424 个有效，5336 只有归属
2026-08-27 18:07:58,041 箱体命中 0 只，信号 {'A': 0, 'B': 0, 'C': 0, 'D': 0}，可交易 0
2026-08-27 18:07:58,041 名称获取 0/0
2026-08-27 18:07:58,087 [scan  21/243] 2025-09-24 boxed=0 sig={'A': 0, 'B': 0, 'C': 0, 'D': 0} tradable=0 (225s)
2026-08-27 18:08:04,619 横盘扫描 2025-09-25 加载 340988 行
2026-08-27 18:08:04,676 大盘: ok=False score=7 上涨占比=27.2%
2026-08-27 18:08:09,381 板块: 424 个有效，5336 只有归属
2026-08-27 18:08:09,626 箱体命中 0 只，信号 {'A': 0, 'B': 0, 'C': 0, 'D': 0}，可交易 0
2026-08-27 18:08:09,627 名称获取 0/0
2026-08-27 18:08:09,661 [scan  22/243] 2025-09-25 boxed=0 sig={'A': 0, 'B': 0, 'C': 0, 'D': 0} tradable=0 (237s)
2026-08-27 18:08:17,289 横盘扫描 2025-09-26 加载 346414 行
2026-08-27 18:08:17,381 大盘: ok=False score=7 上涨占比=33.3%
2026-08-27 18:08:22,157 板块: 424 个有效，5336 只有归属
2026-08-27 18:08:22,429 箱体命中 0 只，信号 {'A': 0, 'B': 0, 'C': 0, 'D': 0}，可交易 0
2026-08-27 18:08:22,429 名称获取 0/0
2026-08-27 18:08:22,469 [scan  23/243] 2025-09-26 boxed=0 sig={'A': 0, 'B': 0, 'C': 0, 'D': 0} tradable=0 (249s)
2026-08-27 18:08:31,898 横盘扫描 2025-09-29 加载 351834 行
2026-08-27 18:08:32,045 大盘: ok=True score=10 上涨占比=66.0%
2026-08-27 18:08:37,026 板块: 424 个有效，5336 只有归属
2026-08-27 18:08:37,288 箱体命中 0 只，信号 {'A': 0, 'B': 0, 'C': 0, 'D': 0}，可交易 0
2026-08-27 18:08:37,288 名称获取 0/0
2026-08-27 18:08:37,317 [scan  24/243] 2025-09-29 boxed=0 sig={'A': 0, 'B': 0, 'C': 0, 'D': 0} tradable=0 (264s)
2026-08-27 18:08:42,425 横盘扫描 2025-09-30 加载 357257 行
2026-08-27 18:08:42,482 大盘: ok=True score=10 上涨占比=49.0%
2026-08-27 18:08:48,749 板块: 424 个有效，5336 只有归属
2026-08-27 18:08:49,288 箱体命中 0 只，信号 {'A': 0, 'B': 0, 'C': 0, 'D': 0}，可交易 0
2026-08-27 18:08:49,289 名称获取 0/0
2026-08-27 18:08:49,383 [scan  25/243] 2025-09-30 boxed=0 sig={'A': 0, 'B': 0, 'C': 0, 'D': 0} tradable=0 (276s)
2026-08-27 18:08:57,858 横盘扫描 2025-10-09 加载 362676 行
2026-08-27 18:08:57,925 大盘: ok=True score=10 上涨占比=57.5%
2026-08-27 18:09:04,144 板块: 424 个有效，5336 只有归属
2026-08-27 18:09:04,571 箱体命中 0 只，信号 {'A': 0, 'B': 0, 'C': 0, 'D': 0}，可交易 0
2026-08-27 18:09:04,572 名称获取 0/0
2026-08-27 18:09:04,619 [scan  26/243] 2025-10-09 boxed=0 sig={'A': 0, 'B': 0, 'C': 0, 'D': 0} tradable=0 (291s)
2026-08-27 18:09:11,767 横盘扫描 2025-10-10 加载 368098 行
2026-08-27 18:09:11,838 大盘: ok=True score=10 上涨占比=51.2%
2026-08-27 18:09:18,570 板块: 424 个有效，5336 只有归属
2026-08-27 18:09:18,988 箱体命中 0 只，信号 {'A': 0, 'B': 0, 'C': 0, 'D': 0}，可交易 0
2026-08-27 18:09:18,988 名称获取 0/0
2026-08-27 18:09:19,035 [scan  27/243] 2025-10-10 boxed=0 sig={'A': 0, 'B': 0, 'C': 0, 'D': 0} tradable=0 (306s)
2026-08-27 18:09:30,428 横盘扫描 2025-10-13 加载 373522 行
2026-08-27 18:09:30,507 大盘: ok=False score=7 上涨占比=31.0%
2026-08-27 18:09:36,390 板块: 424 个有效，5336 只有归属
2026-08-27 18:09:36,717 箱体命中 0 只，信号 {'A': 0, 'B': 0, 'C': 0, 'D': 0}，可交易 0
2026-08-27 18:09:36,717 名称获取 0/0
2026-08-27 18:09:36,759 [scan  28/243] 2025-10-13 boxed=0 sig={'A': 0, 'B': 0, 'C': 0, 'D': 0} tradable=0 (324s)
2026-08-27 18:09:44,797 横盘扫描 2025-10-14 加载 378946 行
2026-08-27 18:09:44,876 大盘: ok=False score=3 上涨占比=32.0%
2026-08-27 18:09:51,358 板块: 424 个有效，5336 只有归属
2026-08-27 18:09:51,752 箱体命中 0 只，信号 {'A': 0, 'B': 0, 'C': 0, 'D': 0}，可交易 0
2026-08-27 18:09:51,753 名称获取 0/0
2026-08-27 18:09:51,797 [scan  29/243] 2025-10-14 boxed=0 sig={'A': 0, 'B': 0, 'C': 0, 'D': 0} tradable=0 (339s)
2026-08-27 18:10:01,134 横盘扫描 2025-10-15 加载 384370 行
2026-08-27 18:10:01,232 大盘: ok=False score=6 上涨占比=79.9%
2026-08-27 18:10:06,953 板块: 424 个有效，5336 只有归属
2026-08-27 18:10:07,314 箱体命中 0 只，信号 {'A': 0, 'B': 0, 'C': 0, 'D': 0}，可交易 0
2026-08-27 18:10:07,314 名称获取 0/0
2026-08-27 18:10:07,363 [scan  30/243] 2025-10-15 boxed=0 sig={'A': 0, 'B': 0, 'C': 0, 'D': 0} tradable=0 (354s)
2026-08-27 18:10:16,958 横盘扫描 2025-10-16 加载 389798 行
2026-08-27 18:10:17,034 大盘: ok=False score=3 上涨占比=21.7%
2026-08-27 18:10:25,093 板块: 424 个有效，5336 只有归属
2026-08-27 18:10:26,069 箱体命中 0 只，信号 {'A': 0, 'B': 0, 'C': 0, 'D': 0}，可交易 0
2026-08-27 18:10:26,070 名称获取 0/0
2026-08-27 18:10:26,248 [scan  31/243] 2025-10-16 boxed=0 sig={'A': 0, 'B': 0, 'C': 0, 'D': 0} tradable=0 (373s)
2026-08-27 18:10:42,845 横盘扫描 2025-10-17 加载 395229 行
2026-08-27 18:10:42,944 大盘: ok=False score=3 上涨占比=11.1%
2026-08-27 18:10:48,868 板块: 424 个有效，5336 只有归属
2026-08-27 18:10:49,189 箱体命中 0 只，信号 {'A': 0, 'B': 0, 'C': 0, 'D': 0}，可交易 0
2026-08-27 18:10:49,189 名称获取 0/0
2026-08-27 18:10:49,222 [scan  32/243] 2025-10-17 boxed=0 sig={'A': 0, 'B': 0, 'C': 0, 'D': 0} tradable=0 (396s)
2026-08-27 18:10:56,034 横盘扫描 2025-10-20 加载 400659 行
2026-08-27 18:10:56,103 大盘: ok=False score=3 上涨占比=74.8%
2026-08-27 18:11:01,398 板块: 424 个有效，5336 只有归属
2026-08-27 18:11:01,698 箱体命中 0 只，信号 {'A': 0, 'B': 0, 'C': 0, 'D': 0}，可交易 0
2026-08-27 18:11:01,698 名称获取 0/0
2026-08-27 18:11:01,731 [scan  33/243] 2025-10-20 boxed=0 sig={'A': 0, 'B': 0, 'C': 0, 'D': 0} tradable=0 (409s)
2026-08-27 18:11:08,763 横盘扫描 2025-10-21 加载 406088 行
2026-08-27 18:11:08,847 大盘: ok=False score=3 上涨占比=85.2%
2026-08-27 18:11:14,086 板块: 424 个有效，5336 只有归属
2026-08-27 18:11:14,389 箱体命中 0 只，信号 {'A': 0, 'B': 0, 'C': 0, 'D': 0}，可交易 0
2026-08-27 18:11:14,390 名称获取 0/0
2026-08-27 18:11:14,433 [scan  34/243] 2025-10-21 boxed=0 sig={'A': 0, 'B': 0, 'C': 0, 'D': 0} tradable=0 (421s)
2026-08-27 18:11:23,256 横盘扫描 2025-10-22 加载 411517 行
2026-08-27 18:11:23,331 大盘: ok=False score=3 上涨占比=42.0%
2026-08-27 18:11:29,081 板块: 424 个有效，5336 只有归属
2026-08-27 18:11:29,430 箱体命中 0 只，信号 {'A': 0, 'B': 0, 'C': 0, 'D': 0}，可交易 0
2026-08-27 18:11:29,430 名称获取 0/0
2026-08-27 18:11:29,473 [scan  35/243] 2025-10-22 boxed=0 sig={'A': 0, 'B': 0, 'C': 0, 'D': 0} tradable=0 (436s)
2026-08-27 18:11:37,130 横盘扫描 2025-10-23 加载 416948 行
2026-08-27 18:11:37,232 大盘: ok=False score=3 上涨占比=55.1%
2026-08-27 18:11:43,360 板块: 424 个有效，5336 只有归属
2026-08-27 18:11:43,726 箱体命中 0 只，信号 {'A': 0, 'B': 0, 'C': 0, 'D': 0}，可交易 0
2026-08-27 18:11:43,726 名称获取 0/0
2026-08-27 18:11:43,782 [scan  36/243] 2025-10-23 boxed=0 sig={'A': 0, 'B': 0, 'C': 0, 'D': 0} tradable=0 (451s)
2026-08-27 18:11:53,014 横盘扫描 2025-10-24 加载 422380 行
2026-08-27 18:11:53,149 大盘: ok=False score=7 上涨占比=55.7%
2026-08-27 18:11:59,062 板块: 424 个有效，5336 只有归属
2026-08-27 18:11:59,343 箱体命中 0 只，信号 {'A': 0, 'B': 0, 'C': 0, 'D': 0}，可交易 0
2026-08-27 18:11:59,343 名称获取 0/0
2026-08-27 18:11:59,394 [scan  37/243] 2025-10-24 boxed=0 sig={'A': 0, 'B': 0, 'C': 0, 'D': 0} tradable=0 (466s)
2026-08-27 18:12:09,918 横盘扫描 2025-10-27 加载 427811 行
2026-08-27 18:12:09,997 大盘: ok=False score=7 上涨占比=61.9%
2026-08-27 18:12:15,928 板块: 424 个有效，5336 只有归属
2026-08-27 18:12:16,516 箱体命中 0 只，信号 {'A': 0, 'B': 0, 'C': 0, 'D': 0}，可交易 0
2026-08-27 18:12:16,517 名称获取 0/0
2026-08-27 18:12:16,615 [scan  38/243] 2025-10-27 boxed=0 sig={'A': 0, 'B': 0, 'C': 0, 'D': 0} tradable=0 (483s)
2026-08-27 18:12:25,729 横盘扫描 2025-10-28 加载 433243 行
2026-08-27 18:12:25,836 大盘: ok=False score=7 上涨占比=43.6%
2026-08-27 18:12:32,929 板块: 424 个有效，5336 只有归属
2026-08-27 18:12:33,298 箱体命中 0 只，信号 {'A': 0, 'B': 0, 'C': 0, 'D': 0}，可交易 0
2026-08-27 18:12:33,298 名称获取 0/0
2026-08-27 18:12:33,347 [scan  39/243] 2025-10-28 boxed=0 sig={'A': 0, 'B': 0, 'C': 0, 'D': 0} tradable=0 (500s)
2026-08-27 18:12:42,545 横盘扫描 2025-10-29 加载 438675 行
2026-08-27 18:12:42,629 大盘: ok=True score=10 上涨占比=49.2%
2026-08-27 18:12:48,826 板块: 424 个有效，5336 只有归属
2026-08-27 18:12:49,151 箱体命中 0 只，信号 {'A': 0, 'B': 0, 'C': 0, 'D': 0}，可交易 0
2026-08-27 18:12:49,151 名称获取 0/0
2026-08-27 18:12:49,207 [scan  40/243] 2025-10-29 boxed=0 sig={'A': 0, 'B': 0, 'C': 0, 'D': 0} tradable=0 (516s)
2026-08-27 18:12:58,445 横盘扫描 2025-10-30 加载 444106 行
2026-08-27 18:12:58,540 大盘: ok=False score=7 上涨占比=22.9%
2026-08-27 18:13:07,645 板块: 424 个有效，5336 只有归属
2026-08-27 18:13:08,424 箱体命中 0 只，信号 {'A': 0, 'B': 0, 'C': 0, 'D': 0}，可交易 0
2026-08-27 18:13:08,424 名称获取 0/0
2026-08-27 18:13:08,535 [scan  41/243] 2025-10-30 boxed=0 sig={'A': 0, 'B': 0, 'C': 0, 'D': 0} tradable=0 (535s)
2026-08-27 18:13:21,336 横盘扫描 2025-10-31 加载 449538 行
2026-08-27 18:13:21,554 大盘: ok=True score=10 上涨占比=69.2%
2026-08-27 18:13:31,046 板块: 424 个有效，5336 只有归属
2026-08-27 18:13:31,559 箱体命中 0 只，信号 {'A': 0, 'B': 0, 'C': 0, 'D': 0}，可交易 0
2026-08-27 18:13:31,560 名称获取 0/0
2026-08-27 18:13:31,627 [scan  42/243] 2025-10-31 boxed=0 sig={'A': 0, 'B': 0, 'C': 0, 'D': 0} tradable=0 (558s)
2026-08-27 18:13:43,014 横盘扫描 2025-11-03 加载 454972 行
2026-08-27 18:13:43,105 大盘: ok=True score=10 上涨占比=65.1%
2026-08-27 18:13:49,815 板块: 424 个有效，5336 只有归属
2026-08-27 18:13:50,226 箱体命中 0 只，信号 {'A': 0, 'B': 0, 'C': 0, 'D': 0}，可交易 0
2026-08-27 18:13:50,226 名称获取 0/0
2026-08-27 18:13:50,284 [scan  43/243] 2025-11-03 boxed=0 sig={'A': 0, 'B': 0, 'C': 0, 'D': 0} tradable=0 (577s)
2026-08-27 18:13:59,700 横盘扫描 2025-11-04 加载 460406 行
2026-08-27 18:13:59,786 大盘: ok=False score=7 上涨占比=30.0%
2026-08-27 18:14:09,661 板块: 424 个有效，5336 只有归属
2026-08-27 18:14:10,130 箱体命中 0 只，信号 {'A': 0, 'B': 0, 'C': 0, 'D': 0}，可交易 0
2026-08-27 18:14:10,130 名称获取 0/0
2026-08-27 18:14:10,190 [scan  44/243] 2025-11-04 boxed=0 sig={'A': 0, 'B': 0, 'C': 0, 'D': 0} tradable=0 (597s)
2026-08-27 18:14:18,756 横盘扫描 2025-11-05 加载 465840 行
2026-08-27 18:14:18,839 大盘: ok=False score=7 上涨占比=62.2%
2026-08-27 18:14:25,326 板块: 424 个有效，5336 只有归属
2026-08-27 18:14:25,733 箱体命中 0 只，信号 {'A': 0, 'B': 0, 'C': 0, 'D': 0}，可交易 0
2026-08-27 18:14:25,734 名称获取 0/0
2026-08-27 18:14:25,786 [scan  45/243] 2025-11-05 boxed=0 sig={'A': 0, 'B': 0, 'C': 0, 'D': 0} tradable=0 (613s)
2026-08-27 18:14:35,319 横盘扫描 2025-11-06 加载 471274 行
2026-08-27 18:14:35,408 大盘: ok=False score=7 上涨占比=53.0%
2026-08-27 18:14:42,249 板块: 424 个有效，5336 只有归属
2026-08-27 18:14:42,629 箱体命中 0 只，信号 {'A': 0, 'B': 0, 'C': 0, 'D': 0}，可交易 0
2026-08-27 18:14:42,629 名称获取 0/0
2026-08-27 18:14:42,682 [scan  46/243] 2025-11-06 boxed=0 sig={'A': 0, 'B': 0, 'C': 0, 'D': 0} tradable=0 (630s)
2026-08-27 18:14:52,107 横盘扫描 2025-11-07 加载 476710 行
2026-08-27 18:14:52,215 大盘: ok=False score=4 上涨占比=38.6%
2026-08-27 18:14:58,913 板块: 424 个有效，5336 只有归属
2026-08-27 18:14:59,328 箱体命中 0 只，信号 {'A': 0, 'B': 0, 'C': 0, 'D': 0}，可交易 0
2026-08-27 18:14:59,328 名称获取 0/0
2026-08-27 18:14:59,384 [scan  47/243] 2025-11-07 boxed=0 sig={'A': 0, 'B': 0, 'C': 0, 'D': 0} tradable=0 (646s)
2026-08-27 18:15:15,508 横盘扫描 2025-11-10 加载 482149 行
2026-08-27 18:15:15,609 大盘: ok=False score=7 上涨占比=62.1%
2026-08-27 18:15:20,605 板块: 424 个有效，5336 只有归属
2026-08-27 18:15:20,972 箱体命中 0 只，信号 {'A': 0, 'B': 0, 'C': 0, 'D': 0}，可交易 0
2026-08-27 18:15:20,972 名称获取 0/0
2026-08-27 18:15:21,019 [scan  48/243] 2025-11-10 boxed=0 sig={'A': 0, 'B': 0, 'C': 0, 'D': 0} tradable=0 (668s)
2026-08-27 18:15:27,702 横盘扫描 2025-11-11 加载 487588 行
2026-08-27 18:15:27,770 大盘: ok=True score=10 上涨占比=51.2%
2026-08-27 18:15:32,371 板块: 424 个有效，5336 只有归属
2026-08-27 18:15:38,979 箱体命中 0 只，信号 {'A': 0, 'B': 0, 'C': 0, 'D': 0}，可交易 0
2026-08-27 18:15:38,982 名称获取 0/0
2026-08-27 18:15:39,098 [scan  49/243] 2025-11-11 boxed=0 sig={'A': 0, 'B': 0, 'C': 0, 'D': 0} tradable=0 (686s)
2026-08-27 18:15:49,076 横盘扫描 2025-11-12 加载 493029 行
2026-08-27 18:15:49,169 大盘: ok=False score=7 上涨占比=32.3%
2026-08-27 18:15:54,231 板块: 424 个有效，5336 只有归属
2026-08-27 18:16:00,352 箱体命中 0 只，信号 {'A': 0, 'B': 0, 'C': 0, 'D': 0}，可交易 0
2026-08-27 18:16:00,352 名称获取 0/0
2026-08-27 18:16:00,413 [scan  50/243] 2025-11-12 boxed=0 sig={'A': 0, 'B': 0, 'C': 0, 'D': 0} tradable=0 (707s)
2026-08-27 18:16:09,113 横盘扫描 2025-11-13 加载 498469 行
2026-08-27 18:16:09,227 大盘: ok=True score=10 上涨占比=72.7%
2026-08-27 18:16:15,417 板块: 424 个有效，5336 只有归属
2026-08-27 18:16:25,433 箱体命中 0 只，信号 {'A': 0, 'B': 0, 'C': 0, 'D': 0}，可交易 0
2026-08-27 18:16:25,433 名称获取 0/0
2026-08-27 18:16:25,505 [scan  51/243] 2025-11-13 boxed=0 sig={'A': 0, 'B': 0, 'C': 0, 'D': 0} tradable=0 (732s)
2026-08-27 18:16:37,331 横盘扫描 2025-11-14 加载 503907 行
2026-08-27 18:16:37,430 大盘: ok=False score=7 上涨占比=36.1%
2026-08-27 18:16:44,585 板块: 424 个有效，5336 只有归属
2026-08-27 18:16:53,502 箱体命中 0 只，信号 {'A': 0, 'B': 0, 'C': 0, 'D': 0}，可交易 0
2026-08-27 18:16:53,503 名称获取 0/0
2026-08-27 18:16:53,584 [scan  52/243] 2025-11-14 boxed=0 sig={'A': 0, 'B': 0, 'C': 0, 'D': 0} tradable=0 (760s)
2026-08-27 18:17:01,487 横盘扫描 2025-11-17 加载 509344 行
2026-08-27 18:17:01,558 大盘: ok=True score=10 上涨占比=47.5%
2026-08-27 18:17:06,510 板块: 424 个有效，5336 只有归属
2026-08-27 18:17:13,844 箱体命中 0 只，信号 {'A': 0, 'B': 0, 'C': 0, 'D': 0}，可交易 0
2026-08-27 18:17:13,845 名称获取 0/0
2026-08-27 18:17:13,909 [scan  53/243] 2025-11-17 boxed=0 sig={'A': 0, 'B': 0, 'C': 0, 'D': 0} tradable=0 (781s)
2026-08-27 18:17:21,220 横盘扫描 2025-11-18 加载 514784 行
2026-08-27 18:17:21,286 大盘: ok=False score=3 上涨占比=23.5%
2026-08-27 18:17:26,096 板块: 424 个有效，5336 只有归属
2026-08-27 18:17:32,082 箱体命中 0 只，信号 {'A': 0, 'B': 0, 'C': 0, 'D': 0}，可交易 0
2026-08-27 18:17:32,083 名称获取 0/0
2026-08-27 18:17:32,147 [scan  54/243] 2025-11-18 boxed=0 sig={'A': 0, 'B': 0, 'C': 0, 'D': 0} tradable=0 (799s)
2026-08-27 18:17:39,822 横盘扫描 2025-11-19 加载 520226 行
2026-08-27 18:17:39,891 大盘: ok=False score=3 上涨占比=22.1%
2026-08-27 18:17:44,351 板块: 424 个有效，5336 只有归属
2026-08-27 18:17:51,048 箱体命中 0 只，信号 {'A': 0, 'B': 0, 'C': 0, 'D': 0}，可交易 0
2026-08-27 18:17:51,049 名称获取 0/0
2026-08-27 18:17:51,217 [scan  55/243] 2025-11-19 boxed=0 sig={'A': 0, 'B': 0, 'C': 0, 'D': 0} tradable=0 (818s)
2026-08-27 18:18:00,408 横盘扫描 2025-11-20 加载 525667 行
2026-08-27 18:18:00,493 大盘: ok=False score=3 上涨占比=26.7%
2026-08-27 18:18:06,366 板块: 424 个有效，5336 只有归属
2026-08-27 18:18:13,911 箱体命中 0 只，信号 {'A': 0, 'B': 0, 'C': 0, 'D': 0}，可交易 0
2026-08-27 18:18:13,912 名称获取 0/0
2026-08-27 18:18:13,993 [scan  56/243] 2025-11-20 boxed=0 sig={'A': 0, 'B': 0, 'C': 0, 'D': 0} tradable=0 (841s)
2026-08-27 18:18:22,820 横盘扫描 2025-11-21 加载 531111 行
2026-08-27 18:18:22,890 大盘: ok=False score=0 上涨占比=6.5%
2026-08-27 18:18:28,029 板块: 424 个有效，5336 只有归属
2026-08-27 18:18:35,894 箱体命中 0 只，信号 {'A': 0, 'B': 0, 'C': 0, 'D': 0}，可交易 0
2026-08-27 18:18:35,895 名称获取 0/0
2026-08-27 18:18:35,973 [scan  57/243] 2025-11-21 boxed=0 sig={'A': 0, 'B': 0, 'C': 0, 'D': 0} tradable=0 (863s)
2026-08-27 18:18:46,066 横盘扫描 2025-11-24 加载 536551 行
2026-08-27 18:18:46,141 大盘: ok=False score=3 上涨占比=77.7%
2026-08-27 18:18:51,659 板块: 424 个有效，5336 只有归属
2026-08-27 18:18:58,579 箱体命中 0 只，信号 {'A': 0, 'B': 0, 'C': 0, 'D': 0}，可交易 0
2026-08-27 18:18:58,580 名称获取 0/0
2026-08-27 18:18:58,649 [scan  58/243] 2025-11-24 boxed=0 sig={'A': 0, 'B': 0, 'C': 0, 'D': 0} tradable=0 (886s)
2026-08-27 18:19:06,550 横盘扫描 2025-11-25 加载 541989 行
2026-08-27 18:19:06,626 大盘: ok=False score=3 上涨占比=79.1%
2026-08-27 18:19:11,504 板块: 424 个有效，5336 只有归属
2026-08-27 18:19:18,705 箱体命中 0 只，信号 {'A': 0, 'B': 0, 'C': 0, 'D': 0}，可交易 0
2026-08-27 18:19:18,705 名称获取 0/0
2026-08-27 18:19:18,783 [scan  59/243] 2025-11-25 boxed=0 sig={'A': 0, 'B': 0, 'C': 0, 'D': 0} tradable=0 (906s)
2026-08-27 18:19:27,761 横盘扫描 2025-11-26 加载 547423 行
2026-08-27 18:19:27,851 大盘: ok=False score=0 上涨占比=31.1%
2026-08-27 18:19:33,556 板块: 424 个有效，5336 只有归属
2026-08-27 18:19:41,425 箱体命中 0 只，信号 {'A': 0, 'B': 0, 'C': 0, 'D': 0}，可交易 0
2026-08-27 18:19:41,425 名称获取 0/0
2026-08-27 18:19:41,497 [scan  60/243] 2025-11-26 boxed=0 sig={'A': 0, 'B': 0, 'C': 0, 'D': 0} tradable=0 (928s)
2026-08-27 18:19:51,301 横盘扫描 2025-11-27 加载 552857 行
2026-08-27 18:19:51,430 大盘: ok=False score=3 上涨占比=51.3%
2026-08-27 18:19:58,151 板块: 424 个有效，5336 只有归属
2026-08-27 18:20:04,535 箱体命中 0 只，信号 {'A': 0, 'B': 0, 'C': 0, 'D': 0}，可交易 0
2026-08-27 18:20:04,536 名称获取 0/0
2026-08-27 18:20:04,603 [scan  61/243] 2025-11-27 boxed=0 sig={'A': 0, 'B': 0, 'C': 0, 'D': 0} tradable=0 (951s)
2026-08-27 18:20:12,988 横盘扫描 2025-11-28 加载 558290 行
2026-08-27 18:20:13,088 大盘: ok=False score=3 上涨占比=75.9%
2026-08-27 18:20:17,142 板块: 424 个有效，5336 只有归属
2026-08-27 18:20:23,270 箱体命中 0 只，信号 {'A': 0, 'B': 0, 'C': 0, 'D': 0}，可交易 0
2026-08-27 18:20:23,272 名称获取 0/0
2026-08-27 18:20:23,325 [scan  62/243] 2025-11-28 boxed=0 sig={'A': 0, 'B': 0, 'C': 0, 'D': 0} tradable=0 (970s)
2026-08-27 18:20:29,936 横盘扫描 2025-12-01 加载 563722 行
2026-08-27 18:20:29,999 大盘: ok=False score=3 上涨占比=62.6%
2026-08-27 18:20:34,341 板块: 424 个有效，5336 只有归属
2026-08-27 18:20:39,121 箱体命中 0 只，信号 {'A': 0, 'B': 0, 'C': 0, 'D': 0}，可交易 0
2026-08-27 18:20:39,121 名称获取 0/0
2026-08-27 18:20:39,164 [scan  63/243] 2025-12-01 boxed=0 sig={'A': 0, 'B': 0, 'C': 0, 'D': 0} tradable=0 (986s)
2026-08-27 18:20:46,413 横盘扫描 2025-12-02 加载 569158 行
2026-08-27 18:20:46,600 大盘: ok=False score=0 上涨占比=28.4%
2026-08-27 18:20:51,933 板块: 424 个有效，5336 只有归属
2026-08-27 18:20:58,335 箱体命中 0 只，信号 {'A': 0, 'B': 0, 'C': 0, 'D': 0}，可交易 0
2026-08-27 18:20:58,336 名称获取 0/0
2026-08-27 18:20:58,451 [scan  64/243] 2025-12-02 boxed=0 sig={'A': 0, 'B': 0, 'C': 0, 'D': 0} tradable=0 (1005s)
2026-08-27 18:21:09,897 横盘扫描 2025-12-03 加载 574600 行
2026-08-27 18:21:09,997 大盘: ok=False score=0 上涨占比=26.5%
2026-08-27 18:21:15,917 板块: 424 个有效，5336 只有归属
2026-08-27 18:21:26,748 箱体命中 0 只，信号 {'A': 0, 'B': 0, 'C': 0, 'D': 0}，可交易 0
2026-08-27 18:21:26,748 名称获取 0/0
2026-08-27 18:21:26,887 [scan  65/243] 2025-12-03 boxed=0 sig={'A': 0, 'B': 0, 'C': 0, 'D': 0} tradable=0 (1034s)
2026-08-27 18:21:45,810 横盘扫描 2025-12-04 加载 580040 行
2026-08-27 18:21:46,018 大盘: ok=False score=0 上涨占比=26.7%
2026-08-27 18:21:55,314 板块: 424 个有效，5336 只有归属
2026-08-27 18:22:02,713 箱体命中 0 只，信号 {'A': 0, 'B': 0, 'C': 0, 'D': 0}，可交易 0
2026-08-27 18:22:02,713 名称获取 0/0
2026-08-27 18:22:02,865 [scan  66/243] 2025-12-04 boxed=0 sig={'A': 0, 'B': 0, 'C': 0, 'D': 0} tradable=0 (1070s)
2026-08-27 18:22:30,880 横盘扫描 2025-12-05 加载 585478 行
2026-08-27 18:22:31,154 大盘: ok=False score=7 上涨占比=80.7%
2026-08-27 18:22:43,652 板块: 424 个有效，5336 只有归属
2026-08-27 18:23:25,025 箱体命中 0 只，信号 {'A': 0, 'B': 0, 'C': 0, 'D': 0}，可交易 0
2026-08-27 18:23:25,034 名称获取 0/0
2026-08-27 18:23:25,234 [scan  67/243] 2025-12-05 boxed=0 sig={'A': 0, 'B': 0, 'C': 0, 'D': 0} tradable=0 (1152s)
2026-08-27 18:23:42,558 横盘扫描 2025-12-08 加载 590918 行
2026-08-27 18:23:42,709 大盘: ok=False score=7 上涨占比=62.7%
2026-08-27 18:23:53,318 板块: 424 个有效，5336 只有归属
2026-08-27 18:24:05,433 箱体命中 0 只，信号 {'A': 0, 'B': 0, 'C': 0, 'D': 0}，可交易 0
2026-08-27 18:24:05,434 名称获取 0/0
2026-08-27 18:24:05,576 [scan  68/243] 2025-12-08 boxed=0 sig={'A': 0, 'B': 0, 'C': 0, 'D': 0} tradable=0 (1192s)
2026-08-27 18:24:52,650 横盘扫描 2025-12-09 加载 596359 行
2026-08-27 18:24:52,961 大盘: ok=False score=4 上涨占比=24.0%
